******************************************************************************
              TMS320C55x Linker PC v4.4.1                      
******************************************************************************
>> Linked Mon May 25 16:12:16 2015

OUTPUT FILE NAME:   <aic3204.out>
ENTRY POINT SYMBOL: "_c_int00"  address: 00021239


MEMORY CONFIGURATION

         name            origin    length      used     unused   attr    fill
                        (bytes)   (bytes)    (bytes)   (bytes)
----------------------  --------  ---------  --------  --------  ----  --------
PAGE 0:
  MMR                   00000000   000000c0  00000000  000000c0  RWIX
  DARAM0                000000c0   0000bf40  00003a18  00008528  RWIX
  DARAM1                0000c000   00004000  00000c00  00003400  RWIX
  SARAM0                00010000   00010000  00000000  00010000  RWIX
  SARAM1                00020000   00020000  00001289  0001ed77  RWIX
  SARAM2                00040000   0000fe00  00001856  0000e5aa  RWIX
  VECS                  0004fe00   00000200  00000100  00000100  RWIX
  PDROM                 00ff8000   00008000  00000000  00008000  R IX

PAGE 2:
  IOPORT                00000000   00020000  00000000  00020000  RWI 


SECTION ALLOCATION MAP
(Addresses surrounded by []'s are displayed for convenience only!)

output                                                          attributes/
section   page  orgn(bytes) orgn(words) len(bytes) len(words)   input sections
--------  ----  ----------- ----------- ---------- ----------   --------------
.pinit       0   [ 00040000 ]  00020000          *   00000000   UNINITIALIZED

.stack       0   [ 000000c0 ]  00000060          *   00001000   UNINITIALIZED
                 [ 000000c0 ]  00000060          *   00001000   --HOLE--

.data        0   [ 000000c0 ]  00000060          *   00000000   UNINITIALIZED

.sysstack 
*            0   [ 000020c0 ]  00001060          *   00000800   UNINITIALIZED
                 [ 000020c0 ]  00001060          *   00000800   --HOLE--

.bss         0   [ 000030c0 ]  00001860          *   0000050c   UNINITIALIZED
                 [ 000030c0 ]  00001860          *   00000503   main.obj (.bss)
                 [ 00003ac6 ]  00001d63          *   00000001   usbstk5515bsl.lib : usbstk5515_i2c.obj (.bss)
                 [ 00003ac8 ]  00001d64          *   00000004   rts55x_eh.lib : _lock.obj (.bss)
                 [ 00003ad0 ]  00001d68          *   00000004                 : exit.obj (.bss)

.adisplay 
*            0   [ 0000c000 ]  00006000          *   00000600   UNINITIALIZED
                 [ 0000c000 ]  00006000          *   00000600   main.obj (.adisplay)

.text        0     00020000  [ 00010000 ] 00001289          *   
                   00020000  [ 00010000 ] 00000e7b          *   main.obj (.text)
                   00020e7b  [ 0001073d+] 00000156          *   usbstk5515bsl.lib : usbstk5515_gpio.obj (.text)
                   00020fd1  [ 000107e8+] 0000013e          *                     : usbstk5515_i2c.obj (.text)
                   0002110f  [ 00010887+] 00000054          *                     : usbstk5515.obj (.text)
                   00021163  [ 000108b1+] 0000004d          *   rts55x_eh.lib : autoinit.obj (.text)
                   000211b0  [ 000108d8 ] 0000004b          *                 : args_main.obj (.text)
                   000211fb  [ 000108fd+] 0000003e          *                 : exit.obj (.text)
                   00021239  [ 0001091c+] 00000034          *                 : boot.obj (.text)
                   0002126d  [ 00010936+] 00000012          *                 : _lock.obj (.text)
                   0002127f  [ 0001093f+] 00000007          *                 : exit.obj (.text:CIO_breakpoint)
                   00021286  [ 00010943 ] 00000002          *                 : vectors.obj (.text)
                   00021288  [ 00010944 ] 00000001          *   --HOLE-- [fill = 20]

.cinit       0   [ 00040000 ]  00020000          *   00000c2b   
                 [ 00040000 ]  00020000          *   00000c12   main.obj (.cinit)
                 [ 00041824 ]  00020c12          *   0000000a   rts55x_eh.lib : _lock.obj (.cinit)
                 [ 00041838 ]  00020c1c          *   0000000a                 : exit.obj (.cinit)
                 [ 0004184c ]  00020c26          *   00000004   usbstk5515bsl.lib : usbstk5515_i2c.obj (.cinit)
                 [ 00041854 ]  00020c2a          *   00000001   --HOLE-- [fill = 0]

vectors      0     0004fe00  [ 00027f00 ] 00000100          *   
                   0004fe00  [ 00027f00 ] 00000100          *   rts55x_eh.lib : vectors.obj (vectors)


GLOBAL SYMBOLS: SORTED ALPHABETICALLY BY Name 

abs. value/
byte addr   word addr   name
---------   ---------   ----
00000002                $TI_capability$C5500$CallingConvention
00000002                $TI_capability$C5500$MemoryModel
00000001                $TI_capability_requires_rev3
ffffffff                .bss
ffffffff                .data
ffffffff                .text
00021280                C$$EXIT
0002017b                _AIC3204_rset
00020c0c                _ChoosedB
            000018ed    _DS_table
00020bce                _OSD9616_multiSend
00020000                _OSD9616_send
            00001d59    _RMScount
            00001d5a    _RMScount1
            00001d5b    _RMScount2
            00001d5c    _RMScount3
            00001d5d    _RMScount4
            00001d5e    _RMScount5
            00001d5f    _RMScount6
            00001d60    _RMScount7
            00001d61    _RMScount8
            00001d62    _RMScount9
0004fe00                _Reset
00020f79                _USBSTK5515_GPIO_getInput
00020e7b                _USBSTK5515_GPIO_init
00020e7f                _USBSTK5515_GPIO_setDirection
00020efc                _USBSTK5515_GPIO_setOutput
00020ff0                _USBSTK5515_I2C_close
00020fd1                _USBSTK5515_I2C_init
00021096                _USBSTK5515_I2C_read
00020ff9                _USBSTK5515_I2C_reset
00021007                _USBSTK5515_I2C_write
00021155                _USBSTK5515_init
0002110f                _USBSTK5515_wait
00021143                _USBSTK5515_waitusec
00020b93                _WipeBand
            00001060    __STACK_END
00002000                __STACK_SIZE
00001000                __SYSSTACK_SIZE
00000001                __TI_args_main
ffffffff                ___binit__
ffffffff                ___bss__
ffffffff                ___c_args__
            00020000    ___cinit__
ffffffff                ___data__
ffffffff                ___edata__
ffffffff                ___end__
ffffffff                ___etext__
ffffffff                ___pinit__
ffffffff                ___text__
000211b0                __args_main
            00001d68    __cleanup_ptr
            00001d6a    __dtors_ptr
            00001d64    __lock
0002127d                __nop
00021275                __register_lock
0002126d                __register_unlock
            00000060    __stack
            00001060    __sysstack
            00001d66    __unlock
            000018e7    _a11a
            000018d8    _a11b
            000018c9    _a11c
            000018e9    _a12a
            000018da    _a12b
            000018cb    _a12c
            000018eb    _a13a
            000018dc    _a13b
            000018cd    _a13c
            000018e8    _a21a
            000018d9    _a21b
            000018ca    _a21c
            000018ea    _a22a
            000018db    _a22b
            000018cc    _a22c
            000018ec    _a23a
            000018dd    _a23b
            000018ce    _a23c
0002127f                _abort
            00006000    _adisplay
00021163                _auto_init
            000018de    _b01a
            000018cf    _b01b
            000018c0    _b01c
            000018e1    _b02a
            000018d2    _b02b
            000018c3    _b02c
            000018e4    _b03a
            000018d5    _b03b
            000018c6    _b03c
            000018df    _b11a
            000018d0    _b11b
            000018c1    _b11c
            000018e2    _b12a
            000018d3    _b12b
            000018c4    _b12c
            000018e5    _b13a
            000018d6    _b13b
            000018c7    _b13c
            000018e0    _b21a
            000018d1    _b21b
            000018c2    _b21c
            000018e3    _b22a
            000018d4    _b22b
            000018c5    _b22c
            000018e6    _b23a
            000018d7    _b23b
            000018c8    _b23c
            00001d55    _bandcount
00021239                _c_int00
            00001cee    _dB_table
00020b6c                _draw_1
00020b0c                _draw_10
00020aac                _draw_11
00020a4c                _draw_12
000209ec                _draw_13
000209c5                _draw_2
0002099e                _draw_3
00020977                _draw_4
00020950                _draw_5
00020929                _draw_6
00020902                _draw_7
000208db                _draw_8
0002087b                _draw_9
000211fb                _exit
            00001860    _filter_taps
            00001d56    _i
            00001d63    _i2c_timeout
            00001d57    _j
00020195                _main
            00001ced    _old_dB1
            00001d40    _old_dB10
            00001d41    _old_dB11
            00001d42    _old_dB12
            00001d43    _old_dB13
            00001d44    _old_dB14
            00001d45    _old_dB15
            00001d46    _old_dB16
            00001d47    _old_dB17
            00001d48    _old_dB18
            00001d49    _old_dB19
            00001d38    _old_dB2
            00001d4a    _old_dB20
            00001d4b    _old_dB21
            00001d4c    _old_dB22
            00001d4d    _old_dB23
            00001d4e    _old_dB24
            00001d4f    _old_dB25
            00001d50    _old_dB26
            00001d51    _old_dB27
            00001d52    _old_dB28
            00001d53    _old_dB29
            00001d39    _old_dB3
            00001d54    _old_dB30
            00001d3a    _old_dB4
            00001d3b    _old_dB5
            00001d3c    _old_dB6
            00001d3d    _old_dB7
            00001d3e    _old_dB8
            00001d3f    _old_dB9
0002001a                _oled_test
            00001d58    _samplecount
ffffffff                binit
            00020000    cinit
ffffffff                edata
ffffffff                end
ffffffff                etext
ffffffff                pinit


GLOBAL SYMBOLS: SORTED BY Symbol Address 

abs. value/
byte addr   word addr   name
---------   ---------   ----
00000001                $TI_capability_requires_rev3
00000001                __TI_args_main
00000002                $TI_capability$C5500$CallingConvention
00000002                $TI_capability$C5500$MemoryModel
            00000060    __stack
00001000                __SYSSTACK_SIZE
00002000                __STACK_SIZE
            00001060    __STACK_END
            00001060    __sysstack
            00001860    _filter_taps
            000018c0    _b01c
            000018c1    _b11c
            000018c2    _b21c
            000018c3    _b02c
            000018c4    _b12c
            000018c5    _b22c
            000018c6    _b03c
            000018c7    _b13c
            000018c8    _b23c
            000018c9    _a11c
            000018ca    _a21c
            000018cb    _a12c
            000018cc    _a22c
            000018cd    _a13c
            000018ce    _a23c
            000018cf    _b01b
            000018d0    _b11b
            000018d1    _b21b
            000018d2    _b02b
            000018d3    _b12b
            000018d4    _b22b
            000018d5    _b03b
            000018d6    _b13b
            000018d7    _b23b
            000018d8    _a11b
            000018d9    _a21b
            000018da    _a12b
            000018db    _a22b
            000018dc    _a13b
            000018dd    _a23b
            000018de    _b01a
            000018df    _b11a
            000018e0    _b21a
            000018e1    _b02a
            000018e2    _b12a
            000018e3    _b22a
            000018e4    _b03a
            000018e5    _b13a
            000018e6    _b23a
            000018e7    _a11a
            000018e8    _a21a
            000018e9    _a12a
            000018ea    _a22a
            000018eb    _a13a
            000018ec    _a23a
            000018ed    _DS_table
            00001ced    _old_dB1
            00001cee    _dB_table
            00001d38    _old_dB2
            00001d39    _old_dB3
            00001d3a    _old_dB4
            00001d3b    _old_dB5
            00001d3c    _old_dB6
            00001d3d    _old_dB7
            00001d3e    _old_dB8
            00001d3f    _old_dB9
            00001d40    _old_dB10
            00001d41    _old_dB11
            00001d42    _old_dB12
            00001d43    _old_dB13
            00001d44    _old_dB14
            00001d45    _old_dB15
            00001d46    _old_dB16
            00001d47    _old_dB17
            00001d48    _old_dB18
            00001d49    _old_dB19
            00001d4a    _old_dB20
            00001d4b    _old_dB21
            00001d4c    _old_dB22
            00001d4d    _old_dB23
            00001d4e    _old_dB24
            00001d4f    _old_dB25
            00001d50    _old_dB26
            00001d51    _old_dB27
            00001d52    _old_dB28
            00001d53    _old_dB29
            00001d54    _old_dB30
            00001d55    _bandcount
            00001d56    _i
            00001d57    _j
            00001d58    _samplecount
            00001d59    _RMScount
            00001d5a    _RMScount1
            00001d5b    _RMScount2
            00001d5c    _RMScount3
            00001d5d    _RMScount4
            00001d5e    _RMScount5
            00001d5f    _RMScount6
            00001d60    _RMScount7
            00001d61    _RMScount8
            00001d62    _RMScount9
            00001d63    _i2c_timeout
            00001d64    __lock
            00001d66    __unlock
            00001d68    __cleanup_ptr
            00001d6a    __dtors_ptr
            00006000    _adisplay
00020000                _OSD9616_send
0002001a                _oled_test
0002017b                _AIC3204_rset
00020195                _main
0002087b                _draw_9
000208db                _draw_8
00020902                _draw_7
00020929                _draw_6
00020950                _draw_5
00020977                _draw_4
0002099e                _draw_3
000209c5                _draw_2
000209ec                _draw_13
00020a4c                _draw_12
00020aac                _draw_11
00020b0c                _draw_10
00020b6c                _draw_1
00020b93                _WipeBand
00020bce                _OSD9616_multiSend
00020c0c                _ChoosedB
00020e7b                _USBSTK5515_GPIO_init
00020e7f                _USBSTK5515_GPIO_setDirection
00020efc                _USBSTK5515_GPIO_setOutput
00020f79                _USBSTK5515_GPIO_getInput
00020fd1                _USBSTK5515_I2C_init
00020ff0                _USBSTK5515_I2C_close
00020ff9                _USBSTK5515_I2C_reset
00021007                _USBSTK5515_I2C_write
00021096                _USBSTK5515_I2C_read
0002110f                _USBSTK5515_wait
00021143                _USBSTK5515_waitusec
00021155                _USBSTK5515_init
00021163                _auto_init
000211b0                __args_main
000211fb                _exit
00021239                _c_int00
0002126d                __register_unlock
00021275                __register_lock
0002127d                __nop
0002127f                _abort
00021280                C$$EXIT
            00020000    ___cinit__
            00020000    cinit
0004fe00                _Reset
ffffffff                .bss
ffffffff                .data
ffffffff                .text
ffffffff                ___binit__
ffffffff                ___bss__
ffffffff                ___c_args__
ffffffff                ___data__
ffffffff                ___edata__
ffffffff                ___end__
ffffffff                ___etext__
ffffffff                ___pinit__
ffffffff                ___text__
ffffffff                binit
ffffffff                edata
ffffffff                end
ffffffff                etext
ffffffff                pinit

[168 symbols]
