<?xml version="1.0"?>
<link_info>
   <banner>TMS320C55x Linker PC v4.4.1</banner>
   <copyright>Copyright (c) 1996-2012 Texas Instruments Incorporated</copyright>
   <link_time>0x55632dc0</link_time>
   <output_file>aic3204.out</output_file>
   <entry_point>
      <name>_c_int00</name>
      <address>0x21239</address>
   </entry_point>
   <input_file_list>
      <input_file id="fl-2">
         <path>.\</path>
         <kind>object</kind>
         <file>main.obj</file>
         <name>main.obj</name>
      </input_file>
      <input_file id="fl-7">
         <path>C:\Users\SimonBoelt\workspace_v6_1\usbstk5515_v1\lib\</path>
         <kind>archive</kind>
         <file>usbstk5515bsl.lib</file>
         <name>usbstk5515_i2c.obj</name>
      </input_file>
      <input_file id="fl-8">
         <path>C:\Users\SimonBoelt\workspace_v6_1\usbstk5515_v1\lib\</path>
         <kind>archive</kind>
         <file>usbstk5515bsl.lib</file>
         <name>usbstk5515_gpio.obj</name>
      </input_file>
      <input_file id="fl-9">
         <path>C:\Users\SimonBoelt\workspace_v6_1\usbstk5515_v1\lib\</path>
         <kind>archive</kind>
         <file>usbstk5515bsl.lib</file>
         <name>usbstk5515.obj</name>
      </input_file>
      <input_file id="fl-a">
         <path>C:\ti\ccsv6\tools\compiler\c5500_4.4.1\lib\</path>
         <kind>archive</kind>
         <file>rts55x_eh.lib</file>
         <name>boot.obj</name>
      </input_file>
      <input_file id="fl-b">
         <path>C:\ti\ccsv6\tools\compiler\c5500_4.4.1\lib\</path>
         <kind>archive</kind>
         <file>rts55x_eh.lib</file>
         <name>exit.obj</name>
      </input_file>
      <input_file id="fl-c">
         <path>C:\ti\ccsv6\tools\compiler\c5500_4.4.1\lib\</path>
         <kind>archive</kind>
         <file>rts55x_eh.lib</file>
         <name>vectors.obj</name>
      </input_file>
      <input_file id="fl-d">
         <path>C:\ti\ccsv6\tools\compiler\c5500_4.4.1\lib\</path>
         <kind>archive</kind>
         <file>rts55x_eh.lib</file>
         <name>_lock.obj</name>
      </input_file>
      <input_file id="fl-e">
         <path>C:\ti\ccsv6\tools\compiler\c5500_4.4.1\lib\</path>
         <kind>archive</kind>
         <file>rts55x_eh.lib</file>
         <name>args_main.obj</name>
      </input_file>
      <input_file id="fl-f">
         <path>C:\ti\ccsv6\tools\compiler\c5500_4.4.1\lib\</path>
         <kind>archive</kind>
         <file>rts55x_eh.lib</file>
         <name>autoinit.obj</name>
      </input_file>
   </input_file_list>
   <object_component_list>
      <object_component id="oc-13">
         <name>.text</name>
         <load_address>0x20000</load_address>
         <run_address>0x20000</run_address>
         <size>0xe7b</size>
         <input_file_ref idref="fl-2"/>
      </object_component>
      <object_component id="oc-22">
         <name>.text</name>
         <load_address>0x20e7b</load_address>
         <run_address>0x20e7b</run_address>
         <size>0x156</size>
         <input_file_ref idref="fl-8"/>
      </object_component>
      <object_component id="oc-1b">
         <name>.text</name>
         <load_address>0x20fd1</load_address>
         <run_address>0x20fd1</run_address>
         <size>0x13e</size>
         <input_file_ref idref="fl-7"/>
      </object_component>
      <object_component id="oc-27">
         <name>.text</name>
         <load_address>0x2110f</load_address>
         <run_address>0x2110f</run_address>
         <size>0x54</size>
         <input_file_ref idref="fl-9"/>
      </object_component>
      <object_component id="oc-45">
         <name>.text</name>
         <load_address>0x21163</load_address>
         <run_address>0x21163</run_address>
         <size>0x4d</size>
         <input_file_ref idref="fl-f"/>
      </object_component>
      <object_component id="oc-41">
         <name>.text</name>
         <load_address>0x211b0</load_address>
         <run_address>0x211b0</run_address>
         <size>0x4b</size>
         <input_file_ref idref="fl-e"/>
      </object_component>
      <object_component id="oc-30">
         <name>.text</name>
         <load_address>0x211fb</load_address>
         <run_address>0x211fb</run_address>
         <size>0x3e</size>
         <input_file_ref idref="fl-b"/>
      </object_component>
      <object_component id="oc-11">
         <name>.text</name>
         <load_address>0x21239</load_address>
         <run_address>0x21239</run_address>
         <size>0x34</size>
         <input_file_ref idref="fl-a"/>
      </object_component>
      <object_component id="oc-3b">
         <name>.text</name>
         <load_address>0x2126d</load_address>
         <run_address>0x2126d</run_address>
         <size>0x12</size>
         <input_file_ref idref="fl-d"/>
      </object_component>
      <object_component id="oc-34">
         <name>.text:CIO_breakpoint</name>
         <load_address>0x2127f</load_address>
         <run_address>0x2127f</run_address>
         <size>0x7</size>
         <input_file_ref idref="fl-b"/>
      </object_component>
      <object_component id="oc-37">
         <name>.text</name>
         <load_address>0x21286</load_address>
         <run_address>0x21286</run_address>
         <size>0x2</size>
         <input_file_ref idref="fl-c"/>
      </object_component>
      <object_component id="oc-2c">
         <name>.stack</name>
         <uninitialized>true</uninitialized>
         <run_address>0xc0</run_address>
         <size>0x0</size>
         <input_file_ref idref="fl-a"/>
      </object_component>
      <object_component id="oc-62">
         <name>.stack</name>
         <uninitialized>true</uninitialized>
         <run_address>0xc0</run_address>
         <size>0x0</size>
      </object_component>
      <object_component id="oc-49">
         <name>.sysstack</name>
         <uninitialized>true</uninitialized>
         <run_address>0x20c0</run_address>
         <size>0x0</size>
         <input_file_ref idref="fl-a"/>
      </object_component>
      <object_component id="oc-63">
         <name>.sysstack</name>
         <uninitialized>true</uninitialized>
         <run_address>0x20c0</run_address>
         <size>0x0</size>
      </object_component>
      <object_component id="oc-17">
         <name>.adisplay</name>
         <uninitialized>true</uninitialized>
         <run_address>0xc000</run_address>
         <size>0xc00</size>
         <input_file_ref idref="fl-2"/>
      </object_component>
      <object_component id="oc-14">
         <name>.bss</name>
         <uninitialized>true</uninitialized>
         <run_address>0x30c0</run_address>
         <size>0xa06</size>
         <input_file_ref idref="fl-2"/>
      </object_component>
      <object_component id="oc-1c">
         <name>.bss</name>
         <uninitialized>true</uninitialized>
         <run_address>0x3ac6</run_address>
         <size>0x2</size>
         <input_file_ref idref="fl-7"/>
      </object_component>
      <object_component id="oc-3c">
         <name>.bss</name>
         <uninitialized>true</uninitialized>
         <run_address>0x3ac8</run_address>
         <size>0x8</size>
         <input_file_ref idref="fl-d"/>
      </object_component>
      <object_component id="oc-31">
         <name>.bss</name>
         <uninitialized>true</uninitialized>
         <run_address>0x3ad0</run_address>
         <size>0x8</size>
         <input_file_ref idref="fl-b"/>
      </object_component>
      <object_component id="oc-16">
         <name>.cinit</name>
         <load_address>0x40000</load_address>
         <run_address>0x40000</run_address>
         <size>0x1824</size>
         <input_file_ref idref="fl-2"/>
      </object_component>
      <object_component id="oc-3e">
         <name>.cinit</name>
         <load_address>0x41824</load_address>
         <run_address>0x41824</run_address>
         <size>0x14</size>
         <input_file_ref idref="fl-d"/>
      </object_component>
      <object_component id="oc-33">
         <name>.cinit</name>
         <load_address>0x41838</load_address>
         <run_address>0x41838</run_address>
         <size>0x14</size>
         <input_file_ref idref="fl-b"/>
      </object_component>
      <object_component id="oc-1e">
         <name>.cinit</name>
         <load_address>0x4184c</load_address>
         <run_address>0x4184c</run_address>
         <size>0x8</size>
         <input_file_ref idref="fl-7"/>
      </object_component>
      <object_component id="oc-12">
         <name>vectors</name>
         <load_address>0x4fe00</load_address>
         <run_address>0x4fe00</run_address>
         <size>0x100</size>
         <input_file_ref idref="fl-c"/>
      </object_component>
      <object_component id="oc-15">
         <name>.debug_info</name>
         <load_address>0x0</load_address>
         <run_address>0x0</run_address>
         <size>0x2b76</size>
         <input_file_ref idref="fl-2"/>
      </object_component>
      <object_component id="oc-1d">
         <name>.debug_info</name>
         <load_address>0x2b76</load_address>
         <run_address>0x2b76</run_address>
         <size>0xbd8</size>
         <input_file_ref idref="fl-7"/>
      </object_component>
      <object_component id="oc-23">
         <name>.debug_info</name>
         <load_address>0x374e</load_address>
         <run_address>0x374e</run_address>
         <size>0x836</size>
         <input_file_ref idref="fl-8"/>
      </object_component>
      <object_component id="oc-28">
         <name>.debug_info</name>
         <load_address>0x3f84</load_address>
         <run_address>0x3f84</run_address>
         <size>0x69c</size>
         <input_file_ref idref="fl-9"/>
      </object_component>
      <object_component id="oc-2d">
         <name>.debug_info</name>
         <load_address>0x4620</load_address>
         <run_address>0x4620</run_address>
         <size>0x100</size>
         <input_file_ref idref="fl-a"/>
      </object_component>
      <object_component id="oc-32">
         <name>.debug_info</name>
         <load_address>0x4720</load_address>
         <run_address>0x4720</run_address>
         <size>0x62d</size>
         <input_file_ref idref="fl-b"/>
      </object_component>
      <object_component id="oc-38">
         <name>.debug_info</name>
         <load_address>0x4d4d</load_address>
         <run_address>0x4d4d</run_address>
         <size>0xd4</size>
         <input_file_ref idref="fl-c"/>
      </object_component>
      <object_component id="oc-3d">
         <name>.debug_info</name>
         <load_address>0x4e21</load_address>
         <run_address>0x4e21</run_address>
         <size>0x5d4</size>
         <input_file_ref idref="fl-d"/>
      </object_component>
      <object_component id="oc-42">
         <name>.debug_info</name>
         <load_address>0x53f5</load_address>
         <run_address>0x53f5</run_address>
         <size>0x59e</size>
         <input_file_ref idref="fl-e"/>
      </object_component>
      <object_component id="oc-46">
         <name>.debug_info</name>
         <load_address>0x5993</load_address>
         <run_address>0x5993</run_address>
         <size>0xe5</size>
         <input_file_ref idref="fl-f"/>
      </object_component>
      <object_component id="oc-68">
         <name>.debug_info</name>
         <load_address>0x5a78</load_address>
         <run_address>0x5a78</run_address>
         <size>0x6e</size>
      </object_component>
      <object_component id="oc-18">
         <name>.debug_frame</name>
         <load_address>0x0</load_address>
         <run_address>0x0</run_address>
         <size>0x39d</size>
         <input_file_ref idref="fl-2"/>
      </object_component>
      <object_component id="oc-1f">
         <name>.debug_frame</name>
         <load_address>0x39d</load_address>
         <run_address>0x39d</run_address>
         <size>0x14a</size>
         <input_file_ref idref="fl-7"/>
      </object_component>
      <object_component id="oc-24">
         <name>.debug_frame</name>
         <load_address>0x4e7</load_address>
         <run_address>0x4e7</run_address>
         <size>0x135</size>
         <input_file_ref idref="fl-8"/>
      </object_component>
      <object_component id="oc-29">
         <name>.debug_frame</name>
         <load_address>0x61c</load_address>
         <run_address>0x61c</run_address>
         <size>0x116</size>
         <input_file_ref idref="fl-9"/>
      </object_component>
      <object_component id="oc-19">
         <name>.debug_line</name>
         <load_address>0x0</load_address>
         <run_address>0x0</run_address>
         <size>0xa0b</size>
         <input_file_ref idref="fl-2"/>
      </object_component>
      <object_component id="oc-20">
         <name>.debug_line</name>
         <load_address>0xa0b</load_address>
         <run_address>0xa0b</run_address>
         <size>0x16c</size>
         <input_file_ref idref="fl-7"/>
      </object_component>
      <object_component id="oc-25">
         <name>.debug_line</name>
         <load_address>0xb77</load_address>
         <run_address>0xb77</run_address>
         <size>0xdf</size>
         <input_file_ref idref="fl-8"/>
      </object_component>
      <object_component id="oc-2a">
         <name>.debug_line</name>
         <load_address>0xc56</load_address>
         <run_address>0xc56</run_address>
         <size>0x84</size>
         <input_file_ref idref="fl-9"/>
      </object_component>
      <object_component id="oc-2e">
         <name>.debug_line</name>
         <load_address>0xcda</load_address>
         <run_address>0xcda</run_address>
         <size>0x54</size>
         <input_file_ref idref="fl-a"/>
      </object_component>
      <object_component id="oc-35">
         <name>.debug_line</name>
         <load_address>0xd2e</load_address>
         <run_address>0xd2e</run_address>
         <size>0x51</size>
         <input_file_ref idref="fl-b"/>
      </object_component>
      <object_component id="oc-39">
         <name>.debug_line</name>
         <load_address>0xd7f</load_address>
         <run_address>0xd7f</run_address>
         <size>0x37</size>
         <input_file_ref idref="fl-c"/>
      </object_component>
      <object_component id="oc-3f">
         <name>.debug_line</name>
         <load_address>0xdb6</load_address>
         <run_address>0xdb6</run_address>
         <size>0x57</size>
         <input_file_ref idref="fl-d"/>
      </object_component>
      <object_component id="oc-43">
         <name>.debug_line</name>
         <load_address>0xe0d</load_address>
         <run_address>0xe0d</run_address>
         <size>0x41</size>
         <input_file_ref idref="fl-e"/>
      </object_component>
      <object_component id="oc-47">
         <name>.debug_line</name>
         <load_address>0xe4e</load_address>
         <run_address>0xe4e</run_address>
         <size>0x55</size>
         <input_file_ref idref="fl-f"/>
      </object_component>
      <object_component id="oc-1a">
         <name>.debug_abbrev</name>
         <load_address>0x0</load_address>
         <run_address>0x0</run_address>
         <size>0x1b9</size>
         <input_file_ref idref="fl-2"/>
      </object_component>
      <object_component id="oc-21">
         <name>.debug_abbrev</name>
         <load_address>0x1b9</load_address>
         <run_address>0x1b9</run_address>
         <size>0x108</size>
         <input_file_ref idref="fl-7"/>
      </object_component>
      <object_component id="oc-26">
         <name>.debug_abbrev</name>
         <load_address>0x2c1</load_address>
         <run_address>0x2c1</run_address>
         <size>0x8d</size>
         <input_file_ref idref="fl-8"/>
      </object_component>
      <object_component id="oc-2b">
         <name>.debug_abbrev</name>
         <load_address>0x34e</load_address>
         <run_address>0x34e</run_address>
         <size>0xf3</size>
         <input_file_ref idref="fl-9"/>
      </object_component>
      <object_component id="oc-2f">
         <name>.debug_abbrev</name>
         <load_address>0x441</load_address>
         <run_address>0x441</run_address>
         <size>0x3a</size>
         <input_file_ref idref="fl-a"/>
      </object_component>
      <object_component id="oc-36">
         <name>.debug_abbrev</name>
         <load_address>0x47b</load_address>
         <run_address>0x47b</run_address>
         <size>0xf7</size>
         <input_file_ref idref="fl-b"/>
      </object_component>
      <object_component id="oc-3a">
         <name>.debug_abbrev</name>
         <load_address>0x572</load_address>
         <run_address>0x572</run_address>
         <size>0x26</size>
         <input_file_ref idref="fl-c"/>
      </object_component>
      <object_component id="oc-40">
         <name>.debug_abbrev</name>
         <load_address>0x598</load_address>
         <run_address>0x598</run_address>
         <size>0x9f</size>
         <input_file_ref idref="fl-d"/>
      </object_component>
      <object_component id="oc-44">
         <name>.debug_abbrev</name>
         <load_address>0x637</load_address>
         <run_address>0x637</run_address>
         <size>0xec</size>
         <input_file_ref idref="fl-e"/>
      </object_component>
      <object_component id="oc-48">
         <name>.debug_abbrev</name>
         <load_address>0x723</load_address>
         <run_address>0x723</run_address>
         <size>0x44</size>
         <input_file_ref idref="fl-f"/>
      </object_component>
      <object_component id="oc-69">
         <name>.debug_abbrev</name>
         <load_address>0x767</load_address>
         <run_address>0x767</run_address>
         <size>0xd</size>
      </object_component>
   </object_component_list>
   <logical_group_list>
      <logical_group id="lg-65">
         <name>.text</name>
         <load_address>0x20000</load_address>
         <run_address>0x20000</run_address>
         <size>0x1289</size>
         <contents>
            <object_component_ref idref="oc-13"/>
            <object_component_ref idref="oc-22"/>
            <object_component_ref idref="oc-1b"/>
            <object_component_ref idref="oc-27"/>
            <object_component_ref idref="oc-45"/>
            <object_component_ref idref="oc-41"/>
            <object_component_ref idref="oc-30"/>
            <object_component_ref idref="oc-11"/>
            <object_component_ref idref="oc-3b"/>
            <object_component_ref idref="oc-34"/>
            <object_component_ref idref="oc-37"/>
         </contents>
      </logical_group>
      <split_section id="lg-2">
         <name>.text</name>
         <contents>
            <logical_group_ref idref="lg-65"/>
         </contents>
      </split_section>
      <logical_group id="lg-3">
         <name>.stack</name>
         <run_address>0xc0</run_address>
         <size>0x2000</size>
         <contents>
            <object_component_ref idref="oc-2c"/>
            <object_component_ref idref="oc-62"/>
         </contents>
      </logical_group>
      <logical_group id="lg-4">
         <name>.sysstack</name>
         <run_address>0x20c0</run_address>
         <size>0x1000</size>
         <contents>
            <object_component_ref idref="oc-49"/>
            <object_component_ref idref="oc-63"/>
         </contents>
      </logical_group>
      <logical_group id="lg-66">
         <name>.adisplay</name>
         <run_address>0xc000</run_address>
         <size>0xc00</size>
         <contents>
            <object_component_ref idref="oc-17"/>
         </contents>
      </logical_group>
      <split_section id="lg-5">
         <name>.adisplay</name>
         <contents>
            <logical_group_ref idref="lg-66"/>
         </contents>
      </split_section>
      <logical_group id="lg-6">
         <name>.data</name>
         <run_address>0xc0</run_address>
         <size>0x0</size>
         <contents>
         </contents>
      </logical_group>
      <logical_group id="lg-67">
         <name>.bss</name>
         <run_address>0x30c0</run_address>
         <size>0xa18</size>
         <contents>
            <object_component_ref idref="oc-14"/>
            <object_component_ref idref="oc-1c"/>
            <object_component_ref idref="oc-3c"/>
            <object_component_ref idref="oc-31"/>
         </contents>
      </logical_group>
      <split_section id="lg-7">
         <name>.bss</name>
         <contents>
            <logical_group_ref idref="lg-67"/>
         </contents>
      </split_section>
      <logical_group id="lg-8">
         <name>.const</name>
         <run_address>0x0</run_address>
         <size>0x0</size>
         <contents>
         </contents>
      </logical_group>
      <logical_group id="lg-9">
         <name>.sysmem</name>
         <run_address>0x0</run_address>
         <size>0x0</size>
         <contents>
         </contents>
      </logical_group>
      <logical_group id="lg-a">
         <name>.switch</name>
         <run_address>0x0</run_address>
         <size>0x0</size>
         <contents>
         </contents>
      </logical_group>
      <logical_group id="lg-b">
         <name>.cinit</name>
         <load_address>0x40000</load_address>
         <run_address>0x40000</run_address>
         <size>0x1856</size>
         <contents>
            <object_component_ref idref="oc-16"/>
            <object_component_ref idref="oc-3e"/>
            <object_component_ref idref="oc-33"/>
            <object_component_ref idref="oc-1e"/>
         </contents>
      </logical_group>
      <logical_group id="lg-c">
         <name>.pinit</name>
         <run_address>0x0</run_address>
         <size>0x0</size>
         <contents>
         </contents>
      </logical_group>
      <logical_group id="lg-d">
         <name>.cio</name>
         <run_address>0x0</run_address>
         <size>0x0</size>
         <contents>
         </contents>
      </logical_group>
      <logical_group id="lg-e">
         <name>.args</name>
         <run_address>0x0</run_address>
         <size>0x0</size>
         <contents>
         </contents>
      </logical_group>
      <logical_group id="lg-f">
         <name>vectors</name>
         <load_address>0x4fe00</load_address>
         <run_address>0x4fe00</run_address>
         <size>0x100</size>
         <contents>
            <object_component_ref idref="oc-12"/>
         </contents>
      </logical_group>
      <logical_group id="lg-10">
         <name>.ioport</name>
         <run_address>0x0</run_address>
         <size>0x0</size>
         <contents>
         </contents>
      </logical_group>
      <logical_group id="lg-59">
         <name>.debug_info</name>
         <load_address>0x0</load_address>
         <run_address>0x0</run_address>
         <size>0x5ae6</size>
         <contents>
            <object_component_ref idref="oc-15"/>
            <object_component_ref idref="oc-1d"/>
            <object_component_ref idref="oc-23"/>
            <object_component_ref idref="oc-28"/>
            <object_component_ref idref="oc-2d"/>
            <object_component_ref idref="oc-32"/>
            <object_component_ref idref="oc-38"/>
            <object_component_ref idref="oc-3d"/>
            <object_component_ref idref="oc-42"/>
            <object_component_ref idref="oc-46"/>
            <object_component_ref idref="oc-68"/>
         </contents>
      </logical_group>
      <logical_group id="lg-5b">
         <name>.debug_frame</name>
         <load_address>0x0</load_address>
         <run_address>0x0</run_address>
         <size>0x732</size>
         <contents>
            <object_component_ref idref="oc-18"/>
            <object_component_ref idref="oc-1f"/>
            <object_component_ref idref="oc-24"/>
            <object_component_ref idref="oc-29"/>
         </contents>
      </logical_group>
      <logical_group id="lg-5d">
         <name>.debug_line</name>
         <load_address>0x0</load_address>
         <run_address>0x0</run_address>
         <size>0xea3</size>
         <contents>
            <object_component_ref idref="oc-19"/>
            <object_component_ref idref="oc-20"/>
            <object_component_ref idref="oc-25"/>
            <object_component_ref idref="oc-2a"/>
            <object_component_ref idref="oc-2e"/>
            <object_component_ref idref="oc-35"/>
            <object_component_ref idref="oc-39"/>
            <object_component_ref idref="oc-3f"/>
            <object_component_ref idref="oc-43"/>
            <object_component_ref idref="oc-47"/>
         </contents>
      </logical_group>
      <logical_group id="lg-5f">
         <name>.debug_abbrev</name>
         <load_address>0x0</load_address>
         <run_address>0x0</run_address>
         <size>0x774</size>
         <contents>
            <object_component_ref idref="oc-1a"/>
            <object_component_ref idref="oc-21"/>
            <object_component_ref idref="oc-26"/>
            <object_component_ref idref="oc-2b"/>
            <object_component_ref idref="oc-2f"/>
            <object_component_ref idref="oc-36"/>
            <object_component_ref idref="oc-3a"/>
            <object_component_ref idref="oc-40"/>
            <object_component_ref idref="oc-44"/>
            <object_component_ref idref="oc-48"/>
            <object_component_ref idref="oc-69"/>
         </contents>
      </logical_group>
   </logical_group_list>
   <placement_map>
      <memory_area>
         <name>MMR</name>
         <page_id>0x0</page_id>
         <origin>0x0</origin>
         <length>0xc0</length>
         <used_space>0x0</used_space>
         <unused_space>0xc0</unused_space>
         <attributes>RWIX</attributes>
         <usage_details>
         </usage_details>
      </memory_area>
      <memory_area>
         <name>DARAM0</name>
         <page_id>0x0</page_id>
         <origin>0xc0</origin>
         <length>0xbf40</length>
         <used_space>0x3a18</used_space>
         <unused_space>0x8528</unused_space>
         <attributes>RWIX</attributes>
         <usage_details>
            <allocated_space>
               <start_address>0xc0</start_address>
               <size>0x0</size>
               <logical_group_ref idref="lg-6"/>
            </allocated_space>
            <allocated_space>
               <start_address>0xc0</start_address>
               <size>0x2000</size>
               <logical_group_ref idref="lg-3"/>
            </allocated_space>
            <allocated_space>
               <start_address>0x20c0</start_address>
               <size>0x1000</size>
               <logical_group_ref idref="lg-4"/>
            </allocated_space>
            <allocated_space>
               <start_address>0x30c0</start_address>
               <size>0xa18</size>
               <logical_group_ref idref="lg-67"/>
            </allocated_space>
            <available_space>
               <start_address>0x3ad8</start_address>
               <size>0x8528</size>
            </available_space>
         </usage_details>
      </memory_area>
      <memory_area>
         <name>DARAM1</name>
         <page_id>0x0</page_id>
         <origin>0xc000</origin>
         <length>0x4000</length>
         <used_space>0xc00</used_space>
         <unused_space>0x3400</unused_space>
         <attributes>RWIX</attributes>
         <usage_details>
            <allocated_space>
               <start_address>0xc000</start_address>
               <size>0xc00</size>
               <logical_group_ref idref="lg-66"/>
            </allocated_space>
            <available_space>
               <start_address>0xcc00</start_address>
               <size>0x3400</size>
            </available_space>
         </usage_details>
      </memory_area>
      <memory_area>
         <name>SARAM0</name>
         <page_id>0x0</page_id>
         <origin>0x10000</origin>
         <length>0x10000</length>
         <used_space>0x0</used_space>
         <unused_space>0x10000</unused_space>
         <attributes>RWIX</attributes>
         <usage_details>
         </usage_details>
      </memory_area>
      <memory_area>
         <name>SARAM1</name>
         <page_id>0x0</page_id>
         <origin>0x20000</origin>
         <length>0x20000</length>
         <used_space>0x1289</used_space>
         <unused_space>0x1ed77</unused_space>
         <attributes>RWIX</attributes>
         <usage_details>
            <allocated_space>
               <start_address>0x20000</start_address>
               <size>0x1289</size>
               <logical_group_ref idref="lg-65"/>
            </allocated_space>
            <available_space>
               <start_address>0x21289</start_address>
               <size>0x1ed77</size>
            </available_space>
         </usage_details>
      </memory_area>
      <memory_area>
         <name>SARAM2</name>
         <page_id>0x0</page_id>
         <origin>0x40000</origin>
         <length>0xfe00</length>
         <used_space>0x1856</used_space>
         <unused_space>0xe5aa</unused_space>
         <attributes>RWIX</attributes>
         <usage_details>
            <allocated_space>
               <start_address>0x40000</start_address>
               <size>0x1856</size>
               <logical_group_ref idref="lg-b"/>
            </allocated_space>
            <available_space>
               <start_address>0x41856</start_address>
               <size>0xe5aa</size>
            </available_space>
         </usage_details>
      </memory_area>
      <memory_area>
         <name>VECS</name>
         <page_id>0x0</page_id>
         <origin>0x4fe00</origin>
         <length>0x200</length>
         <used_space>0x100</used_space>
         <unused_space>0x100</unused_space>
         <attributes>RWIX</attributes>
         <usage_details>
            <allocated_space>
               <start_address>0x4fe00</start_address>
               <size>0x100</size>
               <logical_group_ref idref="lg-f"/>
            </allocated_space>
            <available_space>
               <start_address>0x4ff00</start_address>
               <size>0x100</size>
            </available_space>
         </usage_details>
      </memory_area>
      <memory_area>
         <name>PDROM</name>
         <page_id>0x0</page_id>
         <origin>0xff8000</origin>
         <length>0x8000</length>
         <used_space>0x0</used_space>
         <unused_space>0x8000</unused_space>
         <attributes>RIX</attributes>
         <usage_details>
         </usage_details>
      </memory_area>
      <memory_area>
         <name>IOPORT</name>
         <page_id>0x2</page_id>
         <origin>0x0</origin>
         <length>0x20000</length>
         <used_space>0x0</used_space>
         <unused_space>0x20000</unused_space>
         <attributes>RWI</attributes>
         <usage_details>
         </usage_details>
      </memory_area>
   </placement_map>
   <symbol_table>
      <symbol id="sm-0">
         <name>$TI_capability$C5500$CallingConvention</name>
         <value>0x2</value>
      </symbol>
      <symbol id="sm-1">
         <name>$TI_capability$C5500$MemoryModel</name>
         <value>0x2</value>
      </symbol>
      <symbol id="sm-2">
         <name>$TI_capability_requires_rev3</name>
         <value>0x1</value>
      </symbol>
      <symbol id="sm-3">
         <name>cinit</name>
         <value>0x40000</value>
      </symbol>
      <symbol id="sm-4">
         <name>___cinit__</name>
         <value>0x40000</value>
      </symbol>
      <symbol id="sm-5">
         <name>pinit</name>
         <value>0xffffffff</value>
      </symbol>
      <symbol id="sm-6">
         <name>___pinit__</name>
         <value>0xffffffff</value>
      </symbol>
      <symbol id="sm-7">
         <name>binit</name>
         <value>0xffffffff</value>
      </symbol>
      <symbol id="sm-8">
         <name>___binit__</name>
         <value>0xffffffff</value>
      </symbol>
      <symbol id="sm-9">
         <name>__STACK_SIZE</name>
         <value>0x2000</value>
      </symbol>
      <symbol id="sm-a">
         <name>__STACK_END</name>
         <value>0x20c0</value>
      </symbol>
      <symbol id="sm-b">
         <name>___c_args__</name>
         <value>0xffffffff</value>
      </symbol>
      <symbol id="sm-c">
         <name>__SYSSTACK_SIZE</name>
         <value>0x1000</value>
      </symbol>
      <symbol id="sm-d">
         <name>.text</name>
         <value>0xffffffff</value>
      </symbol>
      <symbol id="sm-e">
         <name>___text__</name>
         <value>0xffffffff</value>
      </symbol>
      <symbol id="sm-f">
         <name>etext</name>
         <value>0xffffffff</value>
      </symbol>
      <symbol id="sm-10">
         <name>___etext__</name>
         <value>0xffffffff</value>
      </symbol>
      <symbol id="sm-11">
         <name>.data</name>
         <value>0xffffffff</value>
      </symbol>
      <symbol id="sm-12">
         <name>___data__</name>
         <value>0xffffffff</value>
      </symbol>
      <symbol id="sm-13">
         <name>edata</name>
         <value>0xffffffff</value>
      </symbol>
      <symbol id="sm-14">
         <name>___edata__</name>
         <value>0xffffffff</value>
      </symbol>
      <symbol id="sm-15">
         <name>.bss</name>
         <value>0xffffffff</value>
      </symbol>
      <symbol id="sm-16">
         <name>___bss__</name>
         <value>0xffffffff</value>
      </symbol>
      <symbol id="sm-17">
         <name>end</name>
         <value>0xffffffff</value>
      </symbol>
      <symbol id="sm-18">
         <name>___end__</name>
         <value>0xffffffff</value>
      </symbol>
      <symbol id="sm-80">
         <name>_RMScount</name>
         <value>0x3ab2</value>
         <object_component_ref idref="oc-14"/>
      </symbol>
      <symbol id="sm-81">
         <name>_old_dB18</name>
         <value>0x3a90</value>
         <object_component_ref idref="oc-14"/>
      </symbol>
      <symbol id="sm-82">
         <name>_old_dB19</name>
         <value>0x3a92</value>
         <object_component_ref idref="oc-14"/>
      </symbol>
      <symbol id="sm-83">
         <name>_old_dB12</name>
         <value>0x3a84</value>
         <object_component_ref idref="oc-14"/>
      </symbol>
      <symbol id="sm-84">
         <name>_old_dB13</name>
         <value>0x3a86</value>
         <object_component_ref idref="oc-14"/>
      </symbol>
      <symbol id="sm-85">
         <name>_old_dB10</name>
         <value>0x3a80</value>
         <object_component_ref idref="oc-14"/>
      </symbol>
      <symbol id="sm-86">
         <name>_old_dB11</name>
         <value>0x3a82</value>
         <object_component_ref idref="oc-14"/>
      </symbol>
      <symbol id="sm-87">
         <name>_old_dB16</name>
         <value>0x3a8c</value>
         <object_component_ref idref="oc-14"/>
      </symbol>
      <symbol id="sm-88">
         <name>_old_dB17</name>
         <value>0x3a8e</value>
         <object_component_ref idref="oc-14"/>
      </symbol>
      <symbol id="sm-89">
         <name>_old_dB14</name>
         <value>0x3a88</value>
         <object_component_ref idref="oc-14"/>
      </symbol>
      <symbol id="sm-8a">
         <name>_old_dB15</name>
         <value>0x3a8a</value>
         <object_component_ref idref="oc-14"/>
      </symbol>
      <symbol id="sm-8b">
         <name>_ChoosedB</name>
         <value>0x20c0c</value>
         <object_component_ref idref="oc-13"/>
      </symbol>
      <symbol id="sm-8c">
         <name>_main</name>
         <value>0x20195</value>
         <object_component_ref idref="oc-13"/>
      </symbol>
      <symbol id="sm-8d">
         <name>_draw_8</name>
         <value>0x208db</value>
         <object_component_ref idref="oc-13"/>
      </symbol>
      <symbol id="sm-8e">
         <name>_draw_9</name>
         <value>0x2087b</value>
         <object_component_ref idref="oc-13"/>
      </symbol>
      <symbol id="sm-8f">
         <name>_draw_1</name>
         <value>0x20b6c</value>
         <object_component_ref idref="oc-13"/>
      </symbol>
      <symbol id="sm-90">
         <name>_draw_2</name>
         <value>0x209c5</value>
         <object_component_ref idref="oc-13"/>
      </symbol>
      <symbol id="sm-91">
         <name>_draw_3</name>
         <value>0x2099e</value>
         <object_component_ref idref="oc-13"/>
      </symbol>
      <symbol id="sm-92">
         <name>_draw_4</name>
         <value>0x20977</value>
         <object_component_ref idref="oc-13"/>
      </symbol>
      <symbol id="sm-93">
         <name>_draw_5</name>
         <value>0x20950</value>
         <object_component_ref idref="oc-13"/>
      </symbol>
      <symbol id="sm-94">
         <name>_draw_6</name>
         <value>0x20929</value>
         <object_component_ref idref="oc-13"/>
      </symbol>
      <symbol id="sm-95">
         <name>_draw_7</name>
         <value>0x20902</value>
         <object_component_ref idref="oc-13"/>
      </symbol>
      <symbol id="sm-96">
         <name>_old_dB30</name>
         <value>0x3aa8</value>
         <object_component_ref idref="oc-14"/>
      </symbol>
      <symbol id="sm-97">
         <name>_old_dB28</name>
         <value>0x3aa4</value>
         <object_component_ref idref="oc-14"/>
      </symbol>
      <symbol id="sm-98">
         <name>_old_dB29</name>
         <value>0x3aa6</value>
         <object_component_ref idref="oc-14"/>
      </symbol>
      <symbol id="sm-99">
         <name>_old_dB22</name>
         <value>0x3a98</value>
         <object_component_ref idref="oc-14"/>
      </symbol>
      <symbol id="sm-9a">
         <name>_old_dB23</name>
         <value>0x3a9a</value>
         <object_component_ref idref="oc-14"/>
      </symbol>
      <symbol id="sm-9b">
         <name>_old_dB20</name>
         <value>0x3a94</value>
         <object_component_ref idref="oc-14"/>
      </symbol>
      <symbol id="sm-9c">
         <name>_old_dB21</name>
         <value>0x3a96</value>
         <object_component_ref idref="oc-14"/>
      </symbol>
      <symbol id="sm-9d">
         <name>_old_dB26</name>
         <value>0x3aa0</value>
         <object_component_ref idref="oc-14"/>
      </symbol>
      <symbol id="sm-9e">
         <name>_old_dB27</name>
         <value>0x3aa2</value>
         <object_component_ref idref="oc-14"/>
      </symbol>
      <symbol id="sm-9f">
         <name>_old_dB24</name>
         <value>0x3a9c</value>
         <object_component_ref idref="oc-14"/>
      </symbol>
      <symbol id="sm-a0">
         <name>_old_dB25</name>
         <value>0x3a9e</value>
         <object_component_ref idref="oc-14"/>
      </symbol>
      <symbol id="sm-a1">
         <name>_OSD9616_multiSend</name>
         <value>0x20bce</value>
         <object_component_ref idref="oc-13"/>
      </symbol>
      <symbol id="sm-a2">
         <name>_WipeBand</name>
         <value>0x20b93</value>
         <object_component_ref idref="oc-13"/>
      </symbol>
      <symbol id="sm-a3">
         <name>_AIC3204_rset</name>
         <value>0x2017b</value>
         <object_component_ref idref="oc-13"/>
      </symbol>
      <symbol id="sm-a4">
         <name>_b23b</name>
         <value>0x31ae</value>
         <object_component_ref idref="oc-14"/>
      </symbol>
      <symbol id="sm-a5">
         <name>_b23c</name>
         <value>0x3190</value>
         <object_component_ref idref="oc-14"/>
      </symbol>
      <symbol id="sm-a6">
         <name>_b23a</name>
         <value>0x31cc</value>
         <object_component_ref idref="oc-14"/>
      </symbol>
      <symbol id="sm-a7">
         <name>_b22b</name>
         <value>0x31a8</value>
         <object_component_ref idref="oc-14"/>
      </symbol>
      <symbol id="sm-a8">
         <name>_b22c</name>
         <value>0x318a</value>
         <object_component_ref idref="oc-14"/>
      </symbol>
      <symbol id="sm-a9">
         <name>_b22a</name>
         <value>0x31c6</value>
         <object_component_ref idref="oc-14"/>
      </symbol>
      <symbol id="sm-aa">
         <name>_filter_taps</name>
         <value>0x30c0</value>
         <object_component_ref idref="oc-14"/>
      </symbol>
      <symbol id="sm-ab">
         <name>_b21b</name>
         <value>0x31a2</value>
         <object_component_ref idref="oc-14"/>
      </symbol>
      <symbol id="sm-ac">
         <name>_b21c</name>
         <value>0x3184</value>
         <object_component_ref idref="oc-14"/>
      </symbol>
      <symbol id="sm-ad">
         <name>_b21a</name>
         <value>0x31c0</value>
         <object_component_ref idref="oc-14"/>
      </symbol>
      <symbol id="sm-ae">
         <name>_draw_11</name>
         <value>0x20aac</value>
         <object_component_ref idref="oc-13"/>
      </symbol>
      <symbol id="sm-af">
         <name>_draw_10</name>
         <value>0x20b0c</value>
         <object_component_ref idref="oc-13"/>
      </symbol>
      <symbol id="sm-b0">
         <name>_draw_13</name>
         <value>0x209ec</value>
         <object_component_ref idref="oc-13"/>
      </symbol>
      <symbol id="sm-b1">
         <name>_draw_12</name>
         <value>0x20a4c</value>
         <object_component_ref idref="oc-13"/>
      </symbol>
      <symbol id="sm-b2">
         <name>_oled_test</name>
         <value>0x2001a</value>
         <object_component_ref idref="oc-13"/>
      </symbol>
      <symbol id="sm-b3">
         <name>_a23b</name>
         <value>0x31ba</value>
         <object_component_ref idref="oc-14"/>
      </symbol>
      <symbol id="sm-b4">
         <name>_a23c</name>
         <value>0x319c</value>
         <object_component_ref idref="oc-14"/>
      </symbol>
      <symbol id="sm-b5">
         <name>_a23a</name>
         <value>0x31d8</value>
         <object_component_ref idref="oc-14"/>
      </symbol>
      <symbol id="sm-b6">
         <name>_a22b</name>
         <value>0x31b6</value>
         <object_component_ref idref="oc-14"/>
      </symbol>
      <symbol id="sm-b7">
         <name>_a22c</name>
         <value>0x3198</value>
         <object_component_ref idref="oc-14"/>
      </symbol>
      <symbol id="sm-b8">
         <name>_a22a</name>
         <value>0x31d4</value>
         <object_component_ref idref="oc-14"/>
      </symbol>
      <symbol id="sm-b9">
         <name>_samplecount</name>
         <value>0x3ab0</value>
         <object_component_ref idref="oc-14"/>
      </symbol>
      <symbol id="sm-ba">
         <name>_a21b</name>
         <value>0x31b2</value>
         <object_component_ref idref="oc-14"/>
      </symbol>
      <symbol id="sm-bb">
         <name>_a21c</name>
         <value>0x3194</value>
         <object_component_ref idref="oc-14"/>
      </symbol>
      <symbol id="sm-bc">
         <name>_a21a</name>
         <value>0x31d0</value>
         <object_component_ref idref="oc-14"/>
      </symbol>
      <symbol id="sm-bd">
         <name>_b13b</name>
         <value>0x31ac</value>
         <object_component_ref idref="oc-14"/>
      </symbol>
      <symbol id="sm-be">
         <name>_b13c</name>
         <value>0x318e</value>
         <object_component_ref idref="oc-14"/>
      </symbol>
      <symbol id="sm-bf">
         <name>_b13a</name>
         <value>0x31ca</value>
         <object_component_ref idref="oc-14"/>
      </symbol>
      <symbol id="sm-c0">
         <name>_dB_table</name>
         <value>0x39dc</value>
         <object_component_ref idref="oc-14"/>
      </symbol>
      <symbol id="sm-c1">
         <name>_b12b</name>
         <value>0x31a6</value>
         <object_component_ref idref="oc-14"/>
      </symbol>
      <symbol id="sm-c2">
         <name>_b12c</name>
         <value>0x3188</value>
         <object_component_ref idref="oc-14"/>
      </symbol>
      <symbol id="sm-c3">
         <name>_b12a</name>
         <value>0x31c4</value>
         <object_component_ref idref="oc-14"/>
      </symbol>
      <symbol id="sm-c4">
         <name>_bandcount</name>
         <value>0x3aaa</value>
         <object_component_ref idref="oc-14"/>
      </symbol>
      <symbol id="sm-c5">
         <name>_b11b</name>
         <value>0x31a0</value>
         <object_component_ref idref="oc-14"/>
      </symbol>
      <symbol id="sm-c6">
         <name>_b11c</name>
         <value>0x3182</value>
         <object_component_ref idref="oc-14"/>
      </symbol>
      <symbol id="sm-c7">
         <name>_b11a</name>
         <value>0x31be</value>
         <object_component_ref idref="oc-14"/>
      </symbol>
      <symbol id="sm-c8">
         <name>_RMScount8</name>
         <value>0x3ac2</value>
         <object_component_ref idref="oc-14"/>
      </symbol>
      <symbol id="sm-c9">
         <name>_RMScount9</name>
         <value>0x3ac4</value>
         <object_component_ref idref="oc-14"/>
      </symbol>
      <symbol id="sm-ca">
         <name>_RMScount6</name>
         <value>0x3abe</value>
         <object_component_ref idref="oc-14"/>
      </symbol>
      <symbol id="sm-cb">
         <name>_RMScount7</name>
         <value>0x3ac0</value>
         <object_component_ref idref="oc-14"/>
      </symbol>
      <symbol id="sm-cc">
         <name>_RMScount4</name>
         <value>0x3aba</value>
         <object_component_ref idref="oc-14"/>
      </symbol>
      <symbol id="sm-cd">
         <name>_RMScount5</name>
         <value>0x3abc</value>
         <object_component_ref idref="oc-14"/>
      </symbol>
      <symbol id="sm-ce">
         <name>_RMScount2</name>
         <value>0x3ab6</value>
         <object_component_ref idref="oc-14"/>
      </symbol>
      <symbol id="sm-cf">
         <name>_RMScount3</name>
         <value>0x3ab8</value>
         <object_component_ref idref="oc-14"/>
      </symbol>
      <symbol id="sm-d0">
         <name>_RMScount1</name>
         <value>0x3ab4</value>
         <object_component_ref idref="oc-14"/>
      </symbol>
      <symbol id="sm-d1">
         <name>_OSD9616_send</name>
         <value>0x20000</value>
         <object_component_ref idref="oc-13"/>
      </symbol>
      <symbol id="sm-d2">
         <name>_adisplay</name>
         <value>0xc000</value>
         <object_component_ref idref="oc-17"/>
      </symbol>
      <symbol id="sm-d3">
         <name>_a13b</name>
         <value>0x31b8</value>
         <object_component_ref idref="oc-14"/>
      </symbol>
      <symbol id="sm-d4">
         <name>_a13c</name>
         <value>0x319a</value>
         <object_component_ref idref="oc-14"/>
      </symbol>
      <symbol id="sm-d5">
         <name>_a13a</name>
         <value>0x31d6</value>
         <object_component_ref idref="oc-14"/>
      </symbol>
      <symbol id="sm-d6">
         <name>_a12b</name>
         <value>0x31b4</value>
         <object_component_ref idref="oc-14"/>
      </symbol>
      <symbol id="sm-d7">
         <name>_a12c</name>
         <value>0x3196</value>
         <object_component_ref idref="oc-14"/>
      </symbol>
      <symbol id="sm-d8">
         <name>_a12a</name>
         <value>0x31d2</value>
         <object_component_ref idref="oc-14"/>
      </symbol>
      <symbol id="sm-d9">
         <name>_a11b</name>
         <value>0x31b0</value>
         <object_component_ref idref="oc-14"/>
      </symbol>
      <symbol id="sm-da">
         <name>_a11c</name>
         <value>0x3192</value>
         <object_component_ref idref="oc-14"/>
      </symbol>
      <symbol id="sm-db">
         <name>_a11a</name>
         <value>0x31ce</value>
         <object_component_ref idref="oc-14"/>
      </symbol>
      <symbol id="sm-dc">
         <name>_b03b</name>
         <value>0x31aa</value>
         <object_component_ref idref="oc-14"/>
      </symbol>
      <symbol id="sm-dd">
         <name>_b03c</name>
         <value>0x318c</value>
         <object_component_ref idref="oc-14"/>
      </symbol>
      <symbol id="sm-de">
         <name>_b03a</name>
         <value>0x31c8</value>
         <object_component_ref idref="oc-14"/>
      </symbol>
      <symbol id="sm-df">
         <name>_b02b</name>
         <value>0x31a4</value>
         <object_component_ref idref="oc-14"/>
      </symbol>
      <symbol id="sm-e0">
         <name>_b02c</name>
         <value>0x3186</value>
         <object_component_ref idref="oc-14"/>
      </symbol>
      <symbol id="sm-e1">
         <name>_b02a</name>
         <value>0x31c2</value>
         <object_component_ref idref="oc-14"/>
      </symbol>
      <symbol id="sm-e2">
         <name>_DS_table</name>
         <value>0x31da</value>
         <object_component_ref idref="oc-14"/>
      </symbol>
      <symbol id="sm-e3">
         <name>_b01b</name>
         <value>0x319e</value>
         <object_component_ref idref="oc-14"/>
      </symbol>
      <symbol id="sm-e4">
         <name>_b01c</name>
         <value>0x3180</value>
         <object_component_ref idref="oc-14"/>
      </symbol>
      <symbol id="sm-e5">
         <name>_b01a</name>
         <value>0x31bc</value>
         <object_component_ref idref="oc-14"/>
      </symbol>
      <symbol id="sm-e6">
         <name>_j</name>
         <value>0x3aae</value>
         <object_component_ref idref="oc-14"/>
      </symbol>
      <symbol id="sm-e7">
         <name>_i</name>
         <value>0x3aac</value>
         <object_component_ref idref="oc-14"/>
      </symbol>
      <symbol id="sm-e8">
         <name>_old_dB9</name>
         <value>0x3a7e</value>
         <object_component_ref idref="oc-14"/>
      </symbol>
      <symbol id="sm-e9">
         <name>_old_dB8</name>
         <value>0x3a7c</value>
         <object_component_ref idref="oc-14"/>
      </symbol>
      <symbol id="sm-ea">
         <name>_old_dB1</name>
         <value>0x39da</value>
         <object_component_ref idref="oc-14"/>
      </symbol>
      <symbol id="sm-eb">
         <name>_old_dB3</name>
         <value>0x3a72</value>
         <object_component_ref idref="oc-14"/>
      </symbol>
      <symbol id="sm-ec">
         <name>_old_dB2</name>
         <value>0x3a70</value>
         <object_component_ref idref="oc-14"/>
      </symbol>
      <symbol id="sm-ed">
         <name>_old_dB5</name>
         <value>0x3a76</value>
         <object_component_ref idref="oc-14"/>
      </symbol>
      <symbol id="sm-ee">
         <name>_old_dB4</name>
         <value>0x3a74</value>
         <object_component_ref idref="oc-14"/>
      </symbol>
      <symbol id="sm-ef">
         <name>_old_dB7</name>
         <value>0x3a7a</value>
         <object_component_ref idref="oc-14"/>
      </symbol>
      <symbol id="sm-f0">
         <name>_old_dB6</name>
         <value>0x3a78</value>
         <object_component_ref idref="oc-14"/>
      </symbol>
      <symbol id="sm-118">
         <name>_USBSTK5515_I2C_reset</name>
         <value>0x20ff9</value>
         <object_component_ref idref="oc-1b"/>
      </symbol>
      <symbol id="sm-119">
         <name>_USBSTK5515_I2C_read</name>
         <value>0x21096</value>
         <object_component_ref idref="oc-1b"/>
      </symbol>
      <symbol id="sm-11a">
         <name>_USBSTK5515_I2C_write</name>
         <value>0x21007</value>
         <object_component_ref idref="oc-1b"/>
      </symbol>
      <symbol id="sm-11b">
         <name>_USBSTK5515_I2C_close</name>
         <value>0x20ff0</value>
         <object_component_ref idref="oc-1b"/>
      </symbol>
      <symbol id="sm-11c">
         <name>_i2c_timeout</name>
         <value>0x3ac6</value>
         <object_component_ref idref="oc-1c"/>
      </symbol>
      <symbol id="sm-11d">
         <name>_USBSTK5515_I2C_init</name>
         <value>0x20fd1</value>
         <object_component_ref idref="oc-1b"/>
      </symbol>
      <symbol id="sm-131">
         <name>_USBSTK5515_GPIO_setDirection</name>
         <value>0x20e7f</value>
         <object_component_ref idref="oc-22"/>
      </symbol>
      <symbol id="sm-132">
         <name>_USBSTK5515_GPIO_getInput</name>
         <value>0x20f79</value>
         <object_component_ref idref="oc-22"/>
      </symbol>
      <symbol id="sm-133">
         <name>_USBSTK5515_GPIO_init</name>
         <value>0x20e7b</value>
         <object_component_ref idref="oc-22"/>
      </symbol>
      <symbol id="sm-134">
         <name>_USBSTK5515_GPIO_setOutput</name>
         <value>0x20efc</value>
         <object_component_ref idref="oc-22"/>
      </symbol>
      <symbol id="sm-142">
         <name>_USBSTK5515_wait</name>
         <value>0x2110f</value>
         <object_component_ref idref="oc-27"/>
      </symbol>
      <symbol id="sm-143">
         <name>_USBSTK5515_init</name>
         <value>0x21155</value>
         <object_component_ref idref="oc-27"/>
      </symbol>
      <symbol id="sm-144">
         <name>_USBSTK5515_waitusec</name>
         <value>0x21143</value>
         <object_component_ref idref="oc-27"/>
      </symbol>
      <symbol id="sm-150">
         <name>__sysstack</name>
         <value>0x20c0</value>
         <object_component_ref idref="oc-49"/>
      </symbol>
      <symbol id="sm-151">
         <name>_c_int00</name>
         <value>0x21239</value>
         <object_component_ref idref="oc-11"/>
      </symbol>
      <symbol id="sm-152">
         <name>__stack</name>
         <value>0xc0</value>
         <object_component_ref idref="oc-2c"/>
      </symbol>
      <symbol id="sm-162">
         <name>C$$EXIT</name>
         <value>0x21280</value>
         <object_component_ref idref="oc-34"/>
      </symbol>
      <symbol id="sm-163">
         <name>_exit</name>
         <value>0x211fb</value>
         <object_component_ref idref="oc-30"/>
      </symbol>
      <symbol id="sm-164">
         <name>_abort</name>
         <value>0x2127f</value>
         <object_component_ref idref="oc-34"/>
      </symbol>
      <symbol id="sm-165">
         <name>__cleanup_ptr</name>
         <value>0x3ad0</value>
         <object_component_ref idref="oc-31"/>
      </symbol>
      <symbol id="sm-166">
         <name>__dtors_ptr</name>
         <value>0x3ad4</value>
         <object_component_ref idref="oc-31"/>
      </symbol>
      <symbol id="sm-170">
         <name>_Reset</name>
         <value>0x4fe00</value>
         <object_component_ref idref="oc-12"/>
      </symbol>
      <symbol id="sm-17e">
         <name>__unlock</name>
         <value>0x3acc</value>
         <object_component_ref idref="oc-3c"/>
      </symbol>
      <symbol id="sm-17f">
         <name>__lock</name>
         <value>0x3ac8</value>
         <object_component_ref idref="oc-3c"/>
      </symbol>
      <symbol id="sm-180">
         <name>__register_lock</name>
         <value>0x21275</value>
         <object_component_ref idref="oc-3b"/>
      </symbol>
      <symbol id="sm-181">
         <name>__nop</name>
         <value>0x2127d</value>
         <object_component_ref idref="oc-3b"/>
      </symbol>
      <symbol id="sm-182">
         <name>__register_unlock</name>
         <value>0x2126d</value>
         <object_component_ref idref="oc-3b"/>
      </symbol>
      <symbol id="sm-18c">
         <name>__args_main</name>
         <value>0x211b0</value>
         <object_component_ref idref="oc-41"/>
      </symbol>
      <symbol id="sm-18d">
         <name>__TI_args_main</name>
         <value>0x1</value>
      </symbol>
      <symbol id="sm-195">
         <name>_auto_init</name>
         <value>0x21163</value>
         <object_component_ref idref="oc-45"/>
      </symbol>
   </symbol_table>
</link_info>
